
> @axolotl/monorepo@0.0.0 prepr:frontend:lib C:\dev\external\Axolotl
> turbo run prepr --filter=@modrinth/ui --filter=@modrinth/assets --filter=@modrinth/api-client --filter=@modrinth/utils --filter=@modrinth/server --filter=@modrinth/tooling-config

• turbo 2.8.2
• Packages in scope: @modrinth/api-client, @modrinth/assets, @modrinth/server, @modrinth/tooling-config, @modrinth/ui, @modrinth/utils
• Running prepr in 6 packages
• Remote caching disabled
@modrinth/assets:fix: cache hit, replaying logs 79ebc4e5b7c98283
@modrinth/assets:fix: 
@modrinth/assets:fix: > @modrinth/assets@0.0.0 fix C:\dev\external\Axolotl\packages\assets
@modrinth/assets:fix: > pnpm run icons:generate && eslint . --fix && prettier --write .
@modrinth/assets:fix: 
@modrinth/assets:fix: 
@modrinth/assets:fix: > @modrinth/assets@0.0.0 icons:generate C:\dev\external\Axolotl\packages\assets
@modrinth/assets:fix: > jiti build/generate-exports.ts
@modrinth/assets:fix: 
@modrinth/assets:fix: 🔄 Generating icon exports...
@modrinth/assets:fix: ✅ Generated icon exports to: C:\dev\external\Axolotl\packages\assets\generated-icons.ts
@modrinth/assets:fix: 📦 Generated 439 icon imports/exports
@modrinth/assets:fix: [90mbuild/add-icons.ts[39m 259ms (unchanged)
@modrinth/assets:fix: [90mbuild/generate-exports.ts[39m 205ms (unchanged)
@modrinth/assets:fix: [90mCOPYING.md[39m 129ms (unchanged)
@modrinth/assets:fix: [90meslint.config.mjs[39m 48ms (unchanged)
@modrinth/assets:fix: generated-icons.ts 234ms
@modrinth/assets:fix: [90micons.d.ts[39m 11ms (unchanged)
@modrinth/assets:fix: [90mindex.ts[39m 35ms (unchanged)
@modrinth/assets:fix: [90mmodels/classic-player.gltf[39m 185ms (unchanged)
@modrinth/assets:fix: [90mmodels/slim-player.gltf[39m 128ms (unchanged)
@modrinth/assets:fix: [90momorphia.scss[39m 61ms (unchanged)
@modrinth/assets:fix: [90mpackage.json[39m 4ms (unchanged)
@modrinth/assets:fix: [90mREADME.md[39m 19ms (unchanged)
@modrinth/assets:fix: [90mstyles/accessibility.scss[39m 25ms (unchanged)
@modrinth/assets:fix: [90mstyles/ace.css[39m 49ms (unchanged)
@modrinth/assets:fix: [90mstyles/classes.scss[39m 232ms (unchanged)
@modrinth/assets:fix: [90mstyles/defaults.scss[39m 27ms (unchanged)
@modrinth/assets:fix: [90mstyles/highlightjs.scss[39m 13ms (unchanged)
@modrinth/assets:fix: [90mstyles/i18n-debug.css[39m 9ms (unchanged)
@modrinth/assets:fix: [90mstyles/inter.scss[39m 14ms (unchanged)
@modrinth/assets:fix: [90mstyles/normalize.scss[39m 27ms (unchanged)
@modrinth/assets:fix: [90mstyles/reset.scss[39m 5ms (unchanged)
@modrinth/assets:fix: [90mstyles/variables.scss[39m 113ms (unchanged)
@modrinth/assets:fix: [90mtsconfig.json[39m 2ms (unchanged)
@modrinth/api-client:fix: cache miss, executing 7829e3ca82aa9060
@modrinth/tooling-config:fix: cache hit, replaying logs 8eaabd9b4bf4cf09
@modrinth/tooling-config:fix: 
@modrinth/tooling-config:fix: > @modrinth/tooling-config@0.0.0 fix C:\dev\external\Axolotl\packages\tooling-config
@modrinth/tooling-config:fix: > prettier --write .
@modrinth/tooling-config:fix: 
@modrinth/tooling-config:fix: [90mapp-lib.prettier.config.cjs[39m 132ms (unchanged)
@modrinth/tooling-config:fix: [90meslint/base.mjs[39m 24ms (unchanged)
@modrinth/tooling-config:fix: [90meslint/common.mjs[39m 13ms (unchanged)
@modrinth/tooling-config:fix: [90meslint/nuxt.mjs[39m 24ms (unchanged)
@modrinth/tooling-config:fix: [90mfrontend.prettier.config.cjs[39m 11ms (unchanged)
@modrinth/tooling-config:fix: [90mlabrinth.prettier.config.cjs[39m 13ms (unchanged)
@modrinth/tooling-config:fix: [90mpackage.json[39m 9ms (unchanged)
@modrinth/tooling-config:fix: [90mprettier.config.cjs[39m 6ms (unchanged)
@modrinth/tooling-config:fix: [90mscript-utils/import-sort.ts[39m 240ms (unchanged)
@modrinth/tooling-config:fix: [90mtailwind/tailwind-preset.ts[39m 155ms (unchanged)
@modrinth/tooling-config:fix: [90mtypescript/base.json[39m 11ms (unchanged)
@modrinth/tooling-config:fix: [90mtypescript/vue.json[39m 5ms (unchanged)
@modrinth/utils:fix: cache miss, executing cc2a6d58279febf7
@modrinth/ui:fix: cache miss, executing 8bdb7d3d97f9c7a3
@modrinth/ui:intl:extract: cache miss, executing 83673368a441400b
@modrinth/server:fix: cache hit, replaying logs f4fa6be5d2186ebd
@modrinth/server:fix: 
@modrinth/server:fix: > @modrinth/server@0.0.0 fix C:\dev\external\Axolotl\packages\server
@modrinth/server:fix: > eslint . --fix && prettier --write .
@modrinth/server:fix: 
@modrinth/server:fix: [90meslint.config.mjs[39m 69ms (unchanged)
@modrinth/server:fix: [90mindex.ts[39m 86ms (unchanged)
@modrinth/server:fix: [90mpackage.json[39m 10ms (unchanged)
@modrinth/server:fix: [90msrc/config/registry.ts[39m 51ms (unchanged)
@modrinth/server:fix: [90msrc/config/server-properties.test.ts[39m 34ms (unchanged)
@modrinth/server:fix: [90msrc/config/server-properties.ts[39m 91ms (unchanged)
@modrinth/server:fix: [90msrc/config/types.ts[39m 80ms (unchanged)
@modrinth/server:fix: [90msrc/eula.test.ts[39m 56ms (unchanged)
@modrinth/server:fix: [90msrc/eula.ts[39m 36ms (unchanged)
@modrinth/server:fix: [90msrc/log-parse.test.ts[39m 54ms (unchanged)
@modrinth/server:fix: [90msrc/log-parse.ts[39m 13ms (unchanged)
@modrinth/server:fix: [90msrc/properties.test.ts[39m 24ms (unchanged)
@modrinth/server:fix: [90msrc/properties.ts[39m 80ms (unchanged)
@modrinth/server:fix: [90msrc/server-types.ts[39m 62ms (unchanged)
@modrinth/server:fix: [90msrc/status.ts[39m 6ms (unchanged)
@modrinth/server:fix: [90msrc/types.ts[39m 21ms (unchanged)
@modrinth/server:fix: [90mtsconfig.json[39m 7ms (unchanged)
@modrinth/server:prepr: cache hit, replaying logs 53a129ac8154f516
@modrinth/server:prepr: 
@modrinth/server:prepr: > @modrinth/server@0.0.0 prepr C:\dev\external\Axolotl\packages\server
@modrinth/server:prepr: > pnpm run fix
@modrinth/server:prepr: 
@modrinth/server:prepr: 
@modrinth/server:prepr: > @modrinth/server@0.0.0 fix C:\dev\external\Axolotl\packages\server
@modrinth/server:prepr: > eslint . --fix && prettier --write .
@modrinth/server:prepr: 
@modrinth/server:prepr: [90meslint.config.mjs[39m 45ms (unchanged)
@modrinth/server:prepr: [90mindex.ts[39m 69ms (unchanged)
@modrinth/server:prepr: [90mpackage.json[39m 9ms (unchanged)
@modrinth/server:prepr: [90msrc/config/registry.ts[39m 33ms (unchanged)
@modrinth/server:prepr: [90msrc/config/server-properties.test.ts[39m 33ms (unchanged)
@modrinth/server:prepr: [90msrc/config/server-properties.ts[39m 55ms (unchanged)
@modrinth/server:prepr: [90msrc/config/types.ts[39m 48ms (unchanged)
@modrinth/server:prepr: [90msrc/eula.test.ts[39m 16ms (unchanged)
@modrinth/server:prepr: [90msrc/eula.ts[39m 17ms (unchanged)
@modrinth/server:prepr: [90msrc/log-parse.test.ts[39m 43ms (unchanged)
@modrinth/server:prepr: [90msrc/log-parse.ts[39m 13ms (unchanged)
@modrinth/server:prepr: [90msrc/properties.test.ts[39m 21ms (unchanged)
@modrinth/server:prepr: [90msrc/properties.ts[39m 57ms (unchanged)
@modrinth/server:prepr: [90msrc/server-types.ts[39m 38ms (unchanged)
@modrinth/server:prepr: [90msrc/status.ts[39m 4ms (unchanged)
@modrinth/server:prepr: [90msrc/types.ts[39m 15ms (unchanged)
@modrinth/server:prepr: [90mtsconfig.json[39m 4ms (unchanged)
@modrinth/api-client:fix: 
@modrinth/api-client:fix: > @modrinth/api-client@0.0.0 fix C:\dev\external\Axolotl\packages\api-client
@modrinth/api-client:fix: > eslint . --fix && prettier --write .
@modrinth/api-client:fix: 
@modrinth/ui:intl:extract: 
@modrinth/ui:intl:extract: > @modrinth/ui@0.0.0 intl:extract C:\dev\external\Axolotl\packages\ui
@modrinth/ui:intl:extract: > formatjs extract "src/**/*.{vue,ts,tsx,js,jsx,mts,cts,mjs,cjs}" --ignore "src/**/*.d.ts" --out-file src/locales/en-US/index.json --preserve-whitespace
@modrinth/ui:intl:extract: 
@modrinth/utils:fix: 
@modrinth/utils:fix: > @modrinth/utils@0.0.0 fix C:\dev\external\Axolotl\packages\utils
@modrinth/utils:fix: > eslint . --fix && prettier --write .
@modrinth/utils:fix: 
@modrinth/ui:fix: 
@modrinth/ui:fix: > @modrinth/ui@0.0.0 fix C:\dev\external\Axolotl\packages\ui
@modrinth/ui:fix: > eslint . --fix && prettier --write .
@modrinth/ui:fix: 
@modrinth/ui:intl:prune-local: cache bypass, force executing dead811f83645a8e
@modrinth/ui:intl:prune-local: 
@modrinth/ui:intl:prune-local: > @modrinth/ui@0.0.0 intl:prune-local C:\dev\external\Axolotl\packages\ui
@modrinth/ui:intl:prune-local: > pnpm -w scripts i18n-icu-contract prune-local --scope packages/ui
@modrinth/ui:intl:prune-local: 
@modrinth/ui:intl:prune-local: 
@modrinth/ui:intl:prune-local: > @axolotl/monorepo@0.0.0 scripts C:\dev\external\Axolotl
@modrinth/ui:intl:prune-local: > node scripts/run.mjs "i18n-icu-contract" "prune-local" "--scope" "packages/ui"
@modrinth/ui:intl:prune-local: 
@modrinth/utils:fix: [90mcodemirror.ts[39m 361ms (unchanged)
@modrinth/utils:fix: [90meslint.config.mjs[39m 36ms (unchanged)
@modrinth/utils:fix: [90mhighlightjs/index.ts[39m 46ms (unchanged)
@modrinth/utils:fix: [90mhighlightjs/skript.ts[39m 25ms (unchanged)
@modrinth/utils:fix: [90mindex.ts[39m 4ms (unchanged)
@modrinth/utils:fix: [90mlicenses.ts[39m 15ms (unchanged)
@modrinth/utils:fix: [90mpackage.json[39m 14ms (unchanged)
@modrinth/utils:fix: [90mparse.ts[39m 52ms (unchanged)
@modrinth/utils:fix: [90mprojects.ts[39m 92ms (unchanged)
@modrinth/utils:fix: [90mtsconfig.json[39m 3ms (unchanged)
@modrinth/utils:fix: [90mtypes.ts[39m 101ms (unchanged)
@modrinth/utils:fix: [90musers.ts[39m 8ms (unchanged)
@modrinth/utils:fix: [90mutils.ts[39m 64ms (unchanged)
@modrinth/api-client:fix: [90mCLAUDE.md[39m 233ms (unchanged)
@modrinth/api-client:fix: [90meslint.config.mjs[39m 31ms (unchanged)
@modrinth/api-client:fix: [90mpackage.json[39m 8ms (unchanged)
@modrinth/api-client:fix: [90mREADME.md[39m 85ms (unchanged)
@modrinth/api-client:fix: [90msrc/core/abstract-client.ts[39m 108ms (unchanged)
@modrinth/api-client:fix: [90msrc/core/abstract-feature.ts[39m 5ms (unchanged)
@modrinth/api-client:fix: [90msrc/core/abstract-module.ts[39m 5ms (unchanged)
@modrinth/api-client:fix: [90msrc/core/abstract-sync.ts[39m 29ms (unchanged)
@modrinth/api-client:fix: [90msrc/core/abstract-upload-client.ts[39m 7ms (unchanged)
@modrinth/api-client:fix: [90msrc/core/abstract-websocket.ts[39m 19ms (unchanged)
@modrinth/api-client:fix: [90msrc/core/errors.ts[39m 16ms (unchanged)
@modrinth/api-client:fix: [90msrc/features/auth.ts[39m 11ms (unchanged)
@modrinth/api-client:fix: [90msrc/features/circuit-breaker.ts[39m 38ms (unchanged)
@modrinth/api-client:fix: [90msrc/features/node-auth.ts[39m 25ms (unchanged)
@modrinth/api-client:fix: [90msrc/features/panel-version.ts[39m 5ms (unchanged)
@modrinth/api-client:fix: [90msrc/features/retry.ts[39m 22ms (unchanged)
@modrinth/api-client:fix: [90msrc/features/verbose-logging.ts[39m 24ms (unchanged)
@modrinth/api-client:fix: [90msrc/index.ts[39m 8ms (unchanged)
@modrinth/api-client:fix: [90msrc/modules/archon/actions/v1.ts[39m 8ms (unchanged)
@modrinth/api-client:fix: [90msrc/modules/archon/backups-queue/v1.ts[39m 23ms (unchanged)
@modrinth/api-client:fix: [90msrc/modules/archon/backups/v1.ts[39m 12ms (unchanged)
@modrinth/api-client:fix: [90msrc/modules/archon/content/v1.ts[39m 40ms (unchanged)
@modrinth/api-client:fix: [90msrc/modules/archon/index.ts[39m 2ms (unchanged)
@modrinth/api-client:fix: [90msrc/modules/archon/nodes/internal.ts[39m 4ms (unchanged)
@modrinth/api-client:fix: [90msrc/modules/archon/notices/v0.ts[39m 14ms (unchanged)
@modrinth/api-client:fix: [90msrc/modules/archon/options/v1.ts[39m 7ms (unchanged)
@modrinth/api-client:fix: [90msrc/modules/archon/properties/v1.ts[39m 5ms (unchanged)
@modrinth/api-client:fix: [90msrc/modules/archon/server-users/v1.ts[39m 6ms (unchanged)
@modrinth/api-client:fix: [90msrc/modules/archon/servers/v0.ts[39m 43ms (unchanged)
@modrinth/api-client:fix: [90msrc/modules/archon/servers/v1.ts[39m 8ms (unchanged)
@modrinth/api-client:fix: [90msrc/modules/archon/transfers/internal.ts[39m 10ms (unchanged)
@modrinth/api-client:fix: [90msrc/modules/archon/types.ts[39m 93ms (unchanged)
@modrinth/api-client:fix: [90msrc/modules/index.ts[39m 24ms (unchanged)
@modrinth/api-client:fix: [90msrc/modules/iso3166/index.ts[39m 19ms (unchanged)
@modrinth/api-client:fix: [90msrc/modules/iso3166/types.ts[39m 3ms (unchanged)
@modrinth/api-client:fix: [90msrc/modules/kyros/content/v1.ts[39m 6ms (unchanged)
@modrinth/api-client:fix: [90msrc/modules/kyros/files/v0.ts[39m 31ms (unchanged)
@modrinth/api-client:fix: [90msrc/modules/kyros/logs/v1.ts[39m 4ms (unchanged)
@modrinth/api-client:fix: [90msrc/modules/kyros/types.ts[39m 3ms (unchanged)
@modrinth/api-client:fix: [90msrc/modules/kyros/upload-sessions/v1.ts[39m 12ms (unchanged)
@modrinth/api-client:fix: [90msrc/modules/labrinth/affiliate/internal.ts[39m 9ms (unchanged)
@modrinth/api-client:fix: [90msrc/modules/labrinth/analytics/v3.ts[39m 9ms (unchanged)
@modrinth/api-client:fix: [90msrc/modules/labrinth/attribution/internal.ts[39m 9ms (unchanged)
@modrinth/api-client:fix: [90msrc/modules/labrinth/auth/internal.ts[39m 4ms (unchanged)
@modrinth/api-client:fix: [90msrc/modules/labrinth/auth/v2.ts[39m 11ms (unchanged)
@modrinth/api-client:fix: [90msrc/modules/labrinth/collections.ts[39m 7ms (unchanged)
@modrinth/api-client:fix: [90msrc/modules/labrinth/content/v3.ts[39m 3ms (unchanged)
@modrinth/api-client:fix: [90msrc/modules/labrinth/external-projects/internal.ts[39m 8ms (unchanged)
@modrinth/api-client:fix: [90msrc/modules/labrinth/friends/v3.ts[39m 7ms (unchanged)
@modrinth/api-client:fix: [90msrc/modules/labrinth/globals/internal.ts[39m 4ms (unchanged)
@modrinth/api-client:fix: [90msrc/modules/labrinth/images/v3.ts[39m 4ms (unchanged)
@modrinth/api-client:fix: [90msrc/modules/labrinth/index.ts[39m 2ms (unchanged)
@modrinth/api-client:fix: [90msrc/modules/labrinth/limits/v3.ts[39m 5ms (unchanged)
@modrinth/api-client:fix: [90msrc/modules/labrinth/moderation/internal.ts[39m 7ms (unchanged)
@modrinth/api-client:fix: [90msrc/modules/labrinth/notifications/v2.ts[39m 10ms (unchanged)
@modrinth/api-client:fix: [90msrc/modules/labrinth/oauth/internal.ts[39m 19ms (unchanged)
@modrinth/api-client:fix: [90msrc/modules/labrinth/organizations/v3.ts[39m 8ms (unchanged)
@modrinth/api-client:fix: [90msrc/modules/labrinth/pats/v2.ts[39m 6ms (unchanged)
@modrinth/api-client:fix: [90msrc/modules/labrinth/payout/v3.ts[39m 9ms (unchanged)
@modrinth/api-client:fix: [90msrc/modules/labrinth/payouts/v3.ts[39m 3ms (unchanged)
@modrinth/api-client:fix: [90msrc/modules/labrinth/projects/v2.ts[39m 13ms (unchanged)
@modrinth/api-client:fix: [90msrc/modules/labrinth/projects/v3.ts[39m 9ms (unchanged)
@modrinth/api-client:fix: [90msrc/modules/labrinth/reports/v3.ts[39m 8ms (unchanged)
@modrinth/api-client:fix: [90msrc/modules/labrinth/server-ping/internal.ts[39m 4ms (unchanged)
@modrinth/api-client:fix: [90msrc/modules/labrinth/sessions/v2.ts[39m 6ms (unchanged)
@modrinth/api-client:fix: [90msrc/modules/labrinth/state/index.ts[39m 17ms (unchanged)
@modrinth/api-client:fix: [90msrc/modules/labrinth/tags/v2.ts[39m 4ms (unchanged)
@modrinth/api-client:fix: [90msrc/modules/labrinth/teams/v2.ts[39m 10ms (unchanged)
@modrinth/api-client:fix: [90msrc/modules/labrinth/teams/v3.ts[39m 3ms (unchanged)
@modrinth/api-client:fix: [90msrc/modules/labrinth/tech-review/internal.ts[39m 9ms (unchanged)
@modrinth/api-client:fix: [90msrc/modules/labrinth/threads/v3.ts[39m 6ms (unchanged)
@modrinth/api-client:fix: [90msrc/modules/labrinth/types.ts[39m 144ms (unchanged)
@modrinth/api-client:fix: [90msrc/modules/labrinth/users/v2.ts[39m 12ms (unchanged)
@modrinth/api-client:fix: [90msrc/modules/labrinth/users/v3.ts[39m 15ms (unchanged)
@modrinth/api-client:fix: [90msrc/modules/labrinth/versions/v2.ts[39m 14ms (unchanged)
@modrinth/api-client:fix: [90msrc/modules/labrinth/versions/v3.ts[39m 22ms (unchanged)
@modrinth/api-client:fix: [90msrc/modules/launcher-meta/types.ts[39m 4ms (unchanged)
@modrinth/api-client:fix: [90msrc/modules/launcher-meta/v0.ts[39m 5ms (unchanged)
@modrinth/api-client:fix: [90msrc/modules/mclogs/logs/v1.ts[39m 3ms (unchanged)
@modrinth/api-client:fix: [90msrc/modules/mclogs/types.ts[39m 4ms (unchanged)
@modrinth/api-client:fix: [90msrc/modules/paper/types.ts[39m 2ms (unchanged)
@modrinth/api-client:fix: [90msrc/modules/paper/v3.ts[39m 5ms (unchanged)
@modrinth/api-client:fix: [90msrc/modules/purpur/types.ts[39m 2ms (unchanged)
@modrinth/api-client:fix: [90msrc/modules/purpur/v2.ts[39m 4ms (unchanged)
@modrinth/api-client:fix: [90msrc/modules/types.ts[39m 2ms (unchanged)
@modrinth/api-client:fix: [90msrc/platform/generic.ts[39m 9ms (unchanged)
@modrinth/api-client:fix: [90msrc/platform/nuxt.ts[39m 16ms (unchanged)
@modrinth/api-client:fix: [90msrc/platform/sync-generic.ts[39m 24ms (unchanged)
@modrinth/api-client:fix: [90msrc/platform/tauri.ts[39m 13ms (unchanged)
@modrinth/api-client:fix: [90msrc/platform/websocket-generic.ts[39m 22ms (unchanged)
@modrinth/api-client:fix: [90msrc/platform/xhr-upload-client.ts[39m 21ms (unchanged)
@modrinth/api-client:fix: [90msrc/state/node-auth.ts[39m 4ms (unchanged)
@modrinth/api-client:fix: [90msrc/types/client.ts[39m 7ms (unchanged)
@modrinth/api-client:fix: [90msrc/types/errors.ts[39m 4ms (unchanged)
@modrinth/api-client:fix: [90msrc/types/index.ts[39m 2ms (unchanged)
@modrinth/api-client:fix: [90msrc/types/request.ts[39m 6ms (unchanged)
@modrinth/api-client:fix: [90msrc/types/upload.ts[39m 7ms (unchanged)
@modrinth/api-client:fix: [90msrc/utils/fetch.ts[39m 5ms (unchanged)
@modrinth/api-client:fix: [90msrc/utils/jwt-retry.ts[39m 5ms (unchanged)
@modrinth/api-client:fix: [90msrc/utils/node-url.ts[39m 4ms (unchanged)
@modrinth/api-client:fix: [90msrc/utils/pingtest.ts[39m 10ms (unchanged)
@modrinth/api-client:fix: [90msrc/utils/sse.ts[39m 14ms (unchanged)
@modrinth/api-client:fix: [90msrc/utils/types.ts[39m 2ms (unchanged)
@modrinth/api-client:fix: [90mtsconfig.build.json[39m 2ms (unchanged)
@modrinth/api-client:fix: [90mtsconfig.json[39m 1ms (unchanged)
@modrinth/ui:fix: [90mCLAUDE.md[39m 140ms (unchanged)
@modrinth/ui:fix: [90mCOPYING.md[39m 13ms (unchanged)
@modrinth/ui:fix: [90meslint.config.mjs[39m 15ms (unchanged)
@modrinth/ui:fix: [90mindex.ts[39m 4ms (unchanged)
@modrinth/ui:fix: [90mpackage.json[39m 6ms (unchanged)
@modrinth/ui:fix: [90mpostcss.config.js[39m 5ms (unchanged)
@modrinth/ui:fix: [90msrc/components/base/Accordion.vue[39m 115ms (unchanged)
@modrinth/ui:fix: [90msrc/components/base/Admonition.vue[39m 74ms (unchanged)
@modrinth/ui:fix: [90msrc/components/base/AppearingProgressBar.vue[39m 38ms (unchanged)
@modrinth/ui:fix: [90msrc/components/base/AutoBrandIcon.vue[39m 21ms (unchanged)
@modrinth/ui:fix: [90msrc/components/base/AutoLink.vue[39m 22ms (unchanged)
@modrinth/ui:fix: [90msrc/components/base/Avatar.vue[39m 45ms (unchanged)
@modrinth/ui:fix: [90msrc/components/base/Badge.vue[39m 68ms (unchanged)
@modrinth/ui:fix: [90msrc/components/base/BaseTerminal.vue[39m 45ms (unchanged)
@modrinth/ui:fix: [90msrc/components/base/BigOptionButton.vue[39m 20ms (unchanged)
@modrinth/ui:fix: [90msrc/components/base/BulletDivider.vue[39m 2ms (unchanged)
@modrinth/ui:fix: [90msrc/components/base/Button.vue[39m 37ms (unchanged)
@modrinth/ui:fix: [90msrc/components/base/buttons/Button.vue[39m 12ms (unchanged)
@modrinth/ui:fix: [90msrc/components/base/buttons/ButtonFrame.vue[39m 23ms (unchanged)
@modrinth/ui:fix: [90msrc/components/base/buttons/IconButton.vue[39m 15ms (unchanged)
@modrinth/ui:fix: [90msrc/components/base/buttons/types.ts[39m 6ms (unchanged)
@modrinth/ui:fix: [90msrc/components/base/ButtonStyled.vue[39m 68ms (unchanged)
@modrinth/ui:fix: [90msrc/components/base/Card.vue[39m 14ms (unchanged)
@modrinth/ui:fix: [90msrc/components/base/Checkbox.vue[39m 23ms (unchanged)
@modrinth/ui:fix: [90msrc/components/base/Chips.vue[39m 29ms (unchanged)
@modrinth/ui:fix: [90msrc/components/base/Collapsible.vue[39m 17ms (unchanged)
@modrinth/ui:fix: [90msrc/components/base/CollapsibleAdmonition.vue[39m 42ms (unchanged)
@modrinth/ui:fix: [90msrc/components/base/CollapsibleRegion.vue[39m 18ms (unchanged)
@modrinth/ui:fix: [90msrc/components/base/Combobox.vue[39m 160ms (unchanged)
@modrinth/ui:fix: [90msrc/components/base/ContentPageHeader.vue[39m 10ms (unchanged)
@modrinth/ui:fix: [90msrc/components/base/CopyCode.vue[39m 11ms (unchanged)
@modrinth/ui:fix: [90msrc/components/base/DatePicker.vue[39m 204ms (unchanged)
@modrinth/ui:fix: [90msrc/components/base/DoubleIcon.vue[39m 6ms (unchanged)
@modrinth/ui:fix: [90msrc/components/base/drop-area-lifecycle.test.ts[39m 6ms (unchanged)
@modrinth/ui:fix: [90msrc/components/base/DropArea.vue[39m 27ms (unchanged)
@modrinth/ui:fix: [90msrc/components/base/dropdown-placement.test.ts[39m 6ms (unchanged)
@modrinth/ui:fix: [90msrc/components/base/dropdown-placement.ts[39m 5ms (unchanged)
@modrinth/ui:fix: [90msrc/components/base/DropdownFilterBar.vue[39m 279ms (unchanged)
@modrinth/ui:fix: [90msrc/components/base/DropdownSelect.vue[39m 59ms (unchanged)
@modrinth/ui:fix: [90msrc/components/base/DropzoneFileInput.vue[39m 27ms (unchanged)
@modrinth/ui:fix: [90msrc/components/base/EmptyState.vue[39m 22ms (unchanged)
@modrinth/ui:fix: [90msrc/components/base/EnvironmentIndicator.vue[39m 22ms (unchanged)
@modrinth/ui:fix: [90msrc/components/base/ErrorInformationCard.vue[39m 29ms (unchanged)
@modrinth/ui:fix: [90msrc/components/base/FileInput.vue[39m 16ms (unchanged)
@modrinth/ui:fix: [90msrc/components/base/FileTreeSelect.vue[39m 79ms (unchanged)
@modrinth/ui:fix: [90msrc/components/base/FilterBar.vue[39m 13ms (unchanged)
@modrinth/ui:fix: [90msrc/components/base/FilterPills.vue[39m 15ms (unchanged)
@modrinth/ui:fix: [90msrc/components/base/FloatingActionBar.vue[39m 34ms (unchanged)
@modrinth/ui:fix: [90msrc/components/base/FloatingPanel.vue[39m 32ms (unchanged)
@modrinth/ui:fix: [90msrc/components/base/FormattedTag.vue[39m 5ms (unchanged)
@modrinth/ui:fix: [90msrc/components/base/HeadingLink.vue[39m 5ms (unchanged)
@modrinth/ui:fix: [90msrc/components/base/HorizontalRule.vue[39m 1ms (unchanged)
@modrinth/ui:fix: [90msrc/components/base/I18nDebugPanel.vue[39m 89ms (unchanged)
@modrinth/ui:fix: [90msrc/components/base/IconSelect.vue[39m 13ms (unchanged)
@modrinth/ui:fix: [90msrc/components/base/index.ts[39m 8ms (unchanged)
@modrinth/ui:fix: [90msrc/components/base/InstanceRowCard.vue[39m 8ms (unchanged)
@modrinth/ui:fix: [90msrc/components/base/IntlFormatted.vue[39m 26ms (unchanged)
@modrinth/ui:fix: [90msrc/components/base/JoinedButtons.vue[39m 32ms (unchanged)
@modrinth/ui:fix: [90msrc/components/base/KeybindingChips.vue[39m 8ms (unchanged)
@modrinth/ui:fix: [90msrc/components/base/LargeRadioButton.vue[39m 10ms (unchanged)
@modrinth/ui:fix: [90msrc/components/base/LoadingBar.vue[39m 14ms (unchanged)
@modrinth/ui:fix: [90msrc/components/base/LoadingIndicator.vue[39m 11ms (unchanged)
@modrinth/ui:fix: [90msrc/components/base/ManySelect.vue[39m 37ms (unchanged)
@modrinth/ui:fix: [90msrc/components/base/MarkdownEditor.vue[39m 151ms (unchanged)
@modrinth/ui:fix: [90msrc/components/base/MinecraftFormattedText.vue[39m 4ms (unchanged)
@modrinth/ui:fix: [90msrc/components/base/MultiSelect.vue[39m 259ms (unchanged)
@modrinth/ui:fix: [90msrc/components/base/MultiStageModal.vue[39m 76ms (unchanged)
@modrinth/ui:fix: [90msrc/components/base/NavTabs.vue[39m 65ms (unchanged)
@modrinth/ui:fix: [90msrc/components/base/OptionGroup.vue[39m 25ms (unchanged)
@modrinth/ui:fix: [90msrc/components/base/OverflowMenu.vue[39m 30ms (unchanged)
@modrinth/ui:fix: [90msrc/components/base/Page.vue[39m 12ms (unchanged)
@modrinth/ui:fix: [90msrc/components/base/PageHeader.vue[39m 2ms (unchanged)
@modrinth/ui:fix: [90msrc/components/base/Pagination.vue[39m 49ms (unchanged)
@modrinth/ui:fix: [90msrc/components/base/PaperChannelBadge.vue[39m 8ms (unchanged)
@modrinth/ui:fix: [90msrc/components/base/PopoutMenu.vue[39m 14ms (unchanged)
@modrinth/ui:fix: [90msrc/components/base/PreviewSelectButton.vue[39m 5ms (unchanged)
@modrinth/ui:fix: [90msrc/components/base/ProgressBar.vue[39m 22ms (unchanged)
@modrinth/ui:fix: [90msrc/components/base/ProgressSpinner.vue[39m 7ms (unchanged)
@modrinth/ui:fix: [90msrc/components/base/RadialHeader.vue[39m 7ms (unchanged)
@modrinth/ui:fix: [90msrc/components/base/RadioButtons.vue[39m 10ms (unchanged)
@modrinth/ui:fix: [90msrc/components/base/ReadyTransition.vue[39m 13ms (unchanged)
@modrinth/ui:fix: [90msrc/components/base/ScrollablePanel.vue[39m 15ms (unchanged)
@modrinth/ui:fix: [90msrc/components/base/ScrollToTopButton.vue[39m 11ms (unchanged)
@modrinth/ui:fix: [90msrc/components/base/SelectionCard.vue[39m 10ms (unchanged)
@modrinth/ui:fix: [90msrc/components/base/ServerNotice.vue[39m 20ms (unchanged)
@modrinth/ui:fix: [90msrc/components/base/SettingsLabel.vue[39m 13ms (unchanged)
@modrinth/ui:fix: [90msrc/components/base/SimpleBadge.vue[39m 6ms (unchanged)
@modrinth/ui:fix: [90msrc/components/base/Slider.vue[39m 31ms (unchanged)
@modrinth/ui:fix: [90msrc/components/base/SmartClickable.vue[39m 12ms (unchanged)
@modrinth/ui:fix: [90msrc/components/base/StackedAdmonitions.vue[39m 109ms (unchanged)
@modrinth/ui:fix: [90msrc/components/base/StatItem.vue[39m 1ms (unchanged)
@modrinth/ui:fix: [90msrc/components/base/StyledInput.vue[39m 48ms (unchanged)
@modrinth/ui:fix: [90msrc/components/base/Table.vue[39m 103ms (unchanged)
@modrinth/ui:fix: [90msrc/components/base/Tabs.vue[39m 18ms (unchanged)
@modrinth/ui:fix: [90msrc/components/base/TagIcon.vue[39m 5ms (unchanged)
@modrinth/ui:fix: [90msrc/components/base/TagItem.vue[39m 7ms (unchanged)
@modrinth/ui:fix: [90msrc/components/base/TagTagItem.vue[39m 8ms (unchanged)
@modrinth/ui:fix: [90msrc/components/base/TeleportOverflowMenu.vue[39m 53ms (unchanged)
@modrinth/ui:fix: [90msrc/components/base/TimeFramePicker.vue[39m 115ms (unchanged)
@modrinth/ui:fix: [90msrc/components/base/Timeline.vue[39m 8ms (unchanged)
@modrinth/ui:fix: [90msrc/components/base/Toggle.vue[39m 8ms (unchanged)
@modrinth/ui:fix: [90msrc/components/base/UnsavedChangesPopup.vue[39m 16ms (unchanged)
@modrinth/ui:fix: [90msrc/components/brand/AnimatedLogo.vue[39m 12ms (unchanged)
@modrinth/ui:fix: [90msrc/components/brand/index.ts[39m 1ms (unchanged)
@modrinth/ui:fix: [90msrc/components/flows/creation-flow-modal/components/CustomSetupStage.vue[39m 119ms (unchanged)
@modrinth/ui:fix: [90msrc/components/flows/creation-flow-modal/components/ImportInstanceStage.vue[39m 14ms (unchanged)
@modrinth/ui:fix: [90msrc/components/flows/creation-flow-modal/components/SetupTypeStage.vue[39m 27ms (unchanged)
@modrinth/ui:fix: [90msrc/components/flows/creation-flow-modal/creation-flow-context.ts[39m 39ms (unchanged)
@modrinth/ui:fix: [90msrc/components/flows/creation-flow-modal/index.vue[39m 11ms (unchanged)
@modrinth/ui:fix: [90msrc/components/flows/creation-flow-modal/loader-metadata.ts[39m 7ms (unchanged)
@modrinth/ui:fix: [90msrc/components/flows/creation-flow-modal/shared.test.ts[39m 3ms (unchanged)
@modrinth/ui:fix: [90msrc/components/flows/creation-flow-modal/shared.ts[39m 3ms (unchanged)
@modrinth/ui:fix: [90msrc/components/flows/creation-flow-modal/stages/custom-setup-stage.ts[39m 6ms (unchanged)
@modrinth/ui:fix: [90msrc/components/flows/creation-flow-modal/stages/import-instance-stage.ts[39m 3ms (unchanged)
@modrinth/ui:fix: [90msrc/components/flows/creation-flow-modal/stages/index.ts[39m 2ms (unchanged)
@modrinth/ui:fix: [90msrc/components/flows/creation-flow-modal/stages/setup-type-stage.ts[39m 2ms (unchanged)
@modrinth/ui:fix: [90msrc/components/flows/creation-flow-modal/version-types.ts[39m 3ms (unchanged)
@modrinth/ui:fix: [90msrc/components/flows/drop/BatchScanOverlay.vue[39m 16ms (unchanged)
@modrinth/ui:fix: [90msrc/components/flows/drop/ConfirmDropTypeModal.vue[39m 33ms (unchanged)
@modrinth/ui:fix: [90msrc/components/flows/drop/GenericContentInstallModal.vue[39m 26ms (unchanged)
@modrinth/ui:fix: [90msrc/components/flows/drop/index.ts[39m 1ms (unchanged)
@modrinth/ui:fix: [90msrc/components/flows/drop/LauncherImportModal.vue[39m 35ms (unchanged)
@modrinth/ui:fix: [90msrc/components/flows/drop/SymlinkMethodCards.vue[39m 161ms (unchanged)
@modrinth/ui:fix: [90msrc/components/flows/index.ts[39m 2ms (unchanged)
@modrinth/ui:fix: [90msrc/components/index.ts[39m 1ms (unchanged)
@modrinth/ui:fix: [90msrc/components/modal/ConfirmLeaveModal.vue[39m 12ms (unchanged)
@modrinth/ui:fix: [90msrc/components/modal/ConfirmModal.vue[39m 18ms (unchanged)
@modrinth/ui:fix: [90msrc/components/modal/index.ts[39m 2ms (unchanged)
@modrinth/ui:fix: [90msrc/components/modal/InstallToPlayModal.vue[39m 16ms (unchanged)
@modrinth/ui:fix: [90msrc/components/modal/KeybindingChoiceTree.vue[39m 29ms (unchanged)
@modrinth/ui:fix: [90msrc/components/modal/KeybindingModal.vue[39m 81ms (unchanged)
@modrinth/ui:fix: [90msrc/components/modal/ModalLoadingIndicator.vue[39m 7ms (unchanged)
@modrinth/ui:fix: [90msrc/components/modal/NewModal.vue[39m 64ms (unchanged)
@modrinth/ui:fix: [90msrc/components/modal/OpenInAppModal.vue[39m 42ms (unchanged)
@modrinth/ui:fix: [90msrc/components/modal/ShareModal.vue[39m 41ms (unchanged)
@modrinth/ui:fix: [90msrc/components/modal/TabbedModal.vue[39m 32ms (unchanged)
@modrinth/ui:fix: [90msrc/components/modal/UploadProgressModal.vue[39m 8ms (unchanged)
@modrinth/ui:fix: [90msrc/components/nav/Breadcrumbs.vue[39m 10ms (unchanged)
@modrinth/ui:fix: [90msrc/components/nav/index.ts[39m 1ms (unchanged)
@modrinth/ui:fix: [90msrc/components/nav/NotificationPanel.vue[39m 52ms (unchanged)
@modrinth/ui:fix: [90msrc/components/nav/PagewideBanner.vue[39m 22ms (unchanged)
@modrinth/ui:fix: [90msrc/components/nav/PopupNotificationPanel.vue[39m 89ms (unchanged)
@modrinth/ui:fix: [90msrc/components/notifications/index.ts[39m 1ms (unchanged)
@modrinth/ui:fix: [90msrc/components/notifications/NotificationStack.vue[39m 8ms (unchanged)
@modrinth/ui:fix: [90msrc/components/notifications/NotificationToast.vue[39m 56ms (unchanged)
@modrinth/ui:fix: [90msrc/components/project/card/index.ts[39m 2ms (unchanged)
@modrinth/ui:fix: [90msrc/components/project/card/ProjectCard.vue[39m 111ms (unchanged)
@modrinth/ui:fix: [90msrc/components/project/card/ProjectCardAuthor.vue[39m 6ms (unchanged)
@modrinth/ui:fix: [90msrc/components/project/card/ProjectCardDate.vue[39m 7ms (unchanged)
@modrinth/ui:fix: [90msrc/components/project/card/ProjectCardEnvironment.vue[39m 10ms (unchanged)
@modrinth/ui:fix: [90msrc/components/project/card/ProjectCardStats.vue[39m 8ms (unchanged)
@modrinth/ui:fix: [90msrc/components/project/card/ProjectCardTags.vue[39m 11ms (unchanged)
@modrinth/ui:fix: [90msrc/components/project/card/ProjectCardTitle.vue[39m 5ms (unchanged)
@modrinth/ui:fix: [90msrc/components/project/ContentCardReveal.vue[39m 6ms (unchanged)
@modrinth/ui:fix: [90msrc/components/project/environments.ts[39m 5ms (unchanged)
@modrinth/ui:fix: [90msrc/components/project/EnvironmentTags.vue[39m 12ms (unchanged)
@modrinth/ui:fix: [90msrc/components/project/index.ts[39m 2ms (unchanged)
@modrinth/ui:fix: [90msrc/components/project/ProjectBackgroundGradient.vue[39m 6ms (unchanged)
@modrinth/ui:fix: [90msrc/components/project/ProjectCardList.vue[39m 4ms (unchanged)
@modrinth/ui:fix: [90msrc/components/project/ProjectCardSkeleton.vue[39m 8ms (unchanged)
@modrinth/ui:fix: [90msrc/components/project/ProjectCombobox.vue[39m 29ms (unchanged)
@modrinth/ui:fix: [90msrc/components/project/ProjectHeader.vue[39m 29ms (unchanged)
@modrinth/ui:fix: [90msrc/components/project/ProjectPageDescription.vue[39m 3ms (unchanged)
@modrinth/ui:fix: [90msrc/components/project/ProjectPageVersions.vue[39m 157ms (unchanged)
@modrinth/ui:fix: [90msrc/components/project/ProjectSidebarCompatibility.vue[39m 30ms (unchanged)
@modrinth/ui:fix: [90msrc/components/project/ProjectSidebarCreators.vue[39m 25ms (unchanged)
@modrinth/ui:fix: [90msrc/components/project/ProjectSidebarDetails.vue[39m 23ms (unchanged)
@modrinth/ui:fix: [90msrc/components/project/ProjectSidebarLinks.vue[39m 55ms (unchanged)
@modrinth/ui:fix: [90msrc/components/project/ProjectSidebarServerInfo.vue[39m 39ms (unchanged)
@modrinth/ui:fix: [90msrc/components/project/ProjectSidebarTags.vue[39m 10ms (unchanged)
@modrinth/ui:fix: [90msrc/components/project/ProjectStatusBadge.vue[39m 8ms (unchanged)
@modrinth/ui:fix: [90msrc/components/project/server/index.ts[39m 1ms (unchanged)
@modrinth/ui:fix: [90msrc/components/project/server/ServerDetails.vue[39m 14ms (unchanged)
@modrinth/ui:fix: [90msrc/components/project/server/ServerModpackContent.vue[39m 6ms (unchanged)
@modrinth/ui:fix: [90msrc/components/project/server/ServerModpackContentCard.vue[39m 13ms (unchanged)
@modrinth/ui:fix: [90msrc/components/project/server/ServerOnlinePlayers.vue[39m 6ms (unchanged)
@modrinth/ui:fix: [90msrc/components/project/server/ServerPing.vue[39m 10ms (unchanged)
@modrinth/ui:fix: [90msrc/components/project/server/ServerRecentPlays.vue[39m 7ms (unchanged)
@modrinth/ui:fix: [90msrc/components/project/server/ServerRegion.vue[39m 5ms (unchanged)
@modrinth/ui:fix: [90msrc/components/project/TagsOverflow.vue[39m 10ms (unchanged)
@modrinth/ui:fix: [90msrc/components/search/Categories.vue[39m 11ms (unchanged)
@modrinth/ui:fix: [90msrc/components/search/index.ts[39m 1ms (unchanged)
@modrinth/ui:fix: [90msrc/components/search/SearchDependsOnFilter.vue[39m 39ms (unchanged)
@modrinth/ui:fix: [90msrc/components/search/SearchFilterControl.vue[39m 32ms (unchanged)
@modrinth/ui:fix: [90msrc/components/search/SearchFilterGroup.vue[39m 23ms (unchanged)
@modrinth/ui:fix: [90msrc/components/search/SearchFilterOption.vue[39m 13ms (unchanged)
@modrinth/ui:fix: [90msrc/components/search/SearchSidebarFilter.vue[39m 83ms (unchanged)
@modrinth/ui:fix: [90msrc/components/settings/index.ts[39m 1ms (unchanged)
@modrinth/ui:fix: [90msrc/components/settings/LanguageSelector.vue[39m 29ms (unchanged)
@modrinth/ui:fix: [90msrc/components/settings/ThemeSelector.vue[39m 23ms (unchanged)
@modrinth/ui:fix: [90msrc/components/skin/CapeButton.vue[39m 13ms (unchanged)
@modrinth/ui:fix: [90msrc/components/skin/CapeLikeTextButton.vue[39m 8ms (unchanged)
@modrinth/ui:fix: [90msrc/components/skin/index.ts[39m 2ms (unchanged)
@modrinth/ui:fix: [90msrc/components/skin/skin-preview-shader.ts[39m 7ms (unchanged)
@modrinth/ui:fix: [90msrc/components/skin/SkinButton.vue[39m 23ms (unchanged)
@modrinth/ui:fix: [90msrc/components/skin/SkinLikeTextButton.vue[39m 14ms (unchanged)
@modrinth/ui:fix: [90msrc/components/skin/SkinPreviewRenderer.vue[39m 57ms (unchanged)
@modrinth/ui:fix: [90msrc/components/version/index.ts[39m 2ms (unchanged)
@modrinth/ui:fix: [90msrc/components/version/VersionChannelIndicator.vue[39m 7ms (unchanged)
@modrinth/ui:fix: [90msrc/components/version/VersionChannelTag.vue[39m 6ms (unchanged)
@modrinth/ui:fix: [90msrc/components/version/VersionDependencyItem.vue[39m 14ms (unchanged)
@modrinth/ui:fix: [90msrc/components/version/VersionFilterControl.vue[39m 55ms (unchanged)
@modrinth/ui:fix: [90msrc/components/version/VersionPage.vue[39m 103ms (unchanged)
@modrinth/ui:fix: [90msrc/components/version/VersionSummary.vue[39m 10ms (unchanged)
@modrinth/ui:fix: [90msrc/composables/console-state.ts[39m 12ms (unchanged)
@modrinth/ui:fix: [90msrc/composables/debug-logger.ts[39m 3ms (unchanged)
@modrinth/ui:fix: [90msrc/composables/dynamic-font-size.ts[39m 7ms (unchanged)
@modrinth/ui:fix: [90msrc/composables/format-bytes.ts[39m 3ms (unchanged)
@modrinth/ui:fix: [90msrc/composables/format-date-time.ts[39m 3ms (unchanged)
@modrinth/ui:fix: [90msrc/composables/format-money.ts[39m 5ms (unchanged)
@modrinth/ui:fix: [90msrc/composables/format-number.ts[39m 7ms (unchanged)
@modrinth/ui:fix: [90msrc/composables/how-ago.ts[39m 5ms (unchanged)
@modrinth/ui:fix: [90msrc/composables/i18n-debug.ts[39m 15ms (unchanged)
@modrinth/ui:fix: [90msrc/composables/i18n.ts[39m 18ms (unchanged)
@modrinth/ui:fix: [90msrc/composables/index.ts[39m 2ms (unchanged)
@modrinth/ui:fix: [90msrc/composables/modal-stack.ts[39m 3ms (unchanged)
@modrinth/ui:fix: [90msrc/composables/page-leave-safety.ts[39m 5ms (unchanged)
@modrinth/ui:fix: [90msrc/composables/scroll-indicator.ts[39m 8ms (unchanged)
@modrinth/ui:fix: [90msrc/composables/skin-rendering/index.ts[39m 1ms (unchanged)
@modrinth/ui:fix: [90msrc/composables/skin-rendering/types.ts[39m 2ms (unchanged)
@modrinth/ui:fix: [90msrc/composables/skin-rendering/use-skin-preview-animation.ts[39m 23ms (unchanged)
@modrinth/ui:fix: [90msrc/composables/skin-rendering/use-skin-preview-controls.ts[39m 4ms (unchanged)
@modrinth/ui:fix: [90msrc/composables/skin-rendering/use-skin-preview-fit.ts[39m 22ms (unchanged)
@modrinth/ui:fix: [90msrc/composables/skin-rendering/use-skin-preview-loading.ts[39m 5ms (unchanged)
@modrinth/ui:fix: [90msrc/composables/skin-rendering/use-skin-preview-scene.ts[39m 20ms (unchanged)
@modrinth/ui:fix: [90msrc/composables/sticky-observer.ts[39m 5ms (unchanged)
@modrinth/ui:fix: [90msrc/composables/terminal.ts[39m 13ms (unchanged)
@modrinth/ui:fix: [90msrc/composables/use-batch-drop.ts[39m 3ms (unchanged)
@modrinth/ui:fix: [90msrc/composables/use-global-drop.ts[39m 10ms (unchanged)
@modrinth/ui:fix: [90msrc/composables/use-instance-context.ts[39m 3ms (unchanged)
@modrinth/ui:fix: [90msrc/composables/use-keybinding-labels.ts[39m 4ms (unchanged)
@modrinth/ui:fix: [90msrc/composables/use-loading-bar-token.ts[39m 3ms (unchanged)
@modrinth/ui:fix: [90msrc/composables/use-loading-state-core.ts[39m 5ms (unchanged)
@modrinth/ui:fix: [90msrc/composables/use-ready-state.ts[39m 2ms (unchanged)
@modrinth/ui:fix: [90msrc/composables/use-server-image.ts[39m 8ms (unchanged)
@modrinth/ui:fix: [90msrc/composables/virtual-scroll.ts[39m 11ms (unchanged)
@modrinth/ui:fix: [90msrc/layouts/index.ts[39m 1ms (unchanged)
@modrinth/ui:fix: [90msrc/layouts/shared/browse-tab/components/SelectedProjectsFloatingBar.vue[39m 47ms (unchanged)
@modrinth/ui:fix: [90msrc/layouts/shared/browse-tab/components/SelectedProjectsLeaveModal.vue[39m 13ms (unchanged)
@modrinth/ui:fix: [90msrc/layouts/shared/browse-tab/composables/index.ts[39m 1ms (unchanged)
@modrinth/ui:fix: [90msrc/layouts/shared/browse-tab/composables/install-logic.ts[39m 61ms (unchanged)
@modrinth/ui:fix: [90msrc/layouts/shared/browse-tab/composables/use-browse-search.ts[39m 18ms (unchanged)
@modrinth/ui:fix: [90msrc/layouts/shared/browse-tab/header.vue[39m 23ms (unchanged)
@modrinth/ui:fix: [90msrc/layouts/shared/browse-tab/index.ts[39m 1ms (unchanged)
@modrinth/ui:fix: [90msrc/layouts/shared/browse-tab/layout.vue[39m 130ms (unchanged)
@modrinth/ui:fix: [90msrc/layouts/shared/browse-tab/providers/browse-manager.ts[39m 6ms (unchanged)
@modrinth/ui:fix: [90msrc/layouts/shared/browse-tab/providers/index.ts[39m 1ms (unchanged)
@modrinth/ui:fix: [90msrc/layouts/shared/browse-tab/sidebar.vue[39m 48ms (unchanged)
@modrinth/ui:fix: [90msrc/layouts/shared/browse-tab/types.ts[39m 5ms (unchanged)
@modrinth/ui:fix: [90msrc/layouts/shared/console/components/ConsoleActionButtons.vue[39m 19ms (unchanged)
@modrinth/ui:fix: [90msrc/layouts/shared/console/components/ConsoleFilterPills.vue[39m 10ms (unchanged)
@modrinth/ui:fix: [90msrc/layouts/shared/console/components/JLineCommandInput.vue[39m 103ms (unchanged)
@modrinth/ui:fix: [90msrc/layouts/shared/console/components/LogViewport.vue[39m 67ms (unchanged)
@modrinth/ui:fix: [90msrc/layouts/shared/console/composables/console-filtering.ts[39m 3ms (unchanged)
@modrinth/ui:fix: [90msrc/layouts/shared/console/composables/index.ts[39m 2ms (unchanged)
@modrinth/ui:fix: [90msrc/layouts/shared/console/composables/log-highlight.ts[39m 39ms (unchanged)
@modrinth/ui:fix: [90msrc/layouts/shared/console/composables/log-level.ts[39m 2ms (unchanged)
@modrinth/ui:fix: [90msrc/layouts/shared/console/index.ts[39m 1ms (unchanged)
@modrinth/ui:fix: [90msrc/layouts/shared/console/jline.test.ts[39m 11ms (unchanged)
@modrinth/ui:fix: [90msrc/layouts/shared/console/jline.ts[39m 17ms (unchanged)
@modrinth/ui:fix: [90msrc/layouts/shared/console/layout.vue[39m 120ms (unchanged)
@modrinth/ui:fix: [90msrc/layouts/shared/console/messages.ts[39m 13ms (unchanged)
@modrinth/ui:fix: [90msrc/layouts/shared/console/providers/console-manager.ts[39m 5ms (unchanged)
@modrinth/ui:fix: [90msrc/layouts/shared/console/providers/index.ts[39m 1ms (unchanged)
@modrinth/ui:fix: [90msrc/layouts/shared/console/types.ts[39m 2ms (unchanged)
@modrinth/ui:fix: [90msrc/layouts/shared/content-tab/components/ContentCardItem.vue[39m 144ms (unchanged)
@modrinth/ui:fix: [90msrc/layouts/shared/content-tab/components/ContentCardTable.vue[39m 109ms (unchanged)
@modrinth/ui:fix: [90msrc/layouts/shared/content-tab/components/ContentEmptyState.vue[39m 13ms (unchanged)
@modrinth/ui:fix: [90msrc/layouts/shared/content-tab/components/ContentMetadataFilterBar.vue[39m 39ms (unchanged)
@modrinth/ui:fix: [90msrc/layouts/shared/content-tab/components/ContentSelectionBar.vue[39m 41ms (unchanged)
@modrinth/ui:fix: [90msrc/layouts/shared/content-tab/components/ContentTableHeaderActions.vue[39m 32ms (unchanged)
@modrinth/ui:fix: [90msrc/layouts/shared/content-tab/components/ContentToolbar.vue[39m 19ms (unchanged)
@modrinth/ui:fix: [90msrc/layouts/shared/content-tab/components/ContentTypeFilter.vue[39m 13ms (unchanged)
@modrinth/ui:fix: [90msrc/layouts/shared/content-tab/components/modals/ConfirmBulkUpdateModal.vue[39m 12ms (unchanged)
@modrinth/ui:fix: [90msrc/layouts/shared/content-tab/components/modals/ConfirmDeletionModal.vue[39m 14ms (unchanged)
@modrinth/ui:fix: [90msrc/layouts/shared/content-tab/components/modals/ConfirmModpackUpdateModal.vue[39m 15ms (unchanged)
@modrinth/ui:fix: [90msrc/layouts/shared/content-tab/components/modals/ConfirmReinstallModal.vue[39m 12ms (unchanged)
@modrinth/ui:fix: [90msrc/layouts/shared/content-tab/components/modals/ConfirmRepairModal.vue[39m 10ms (unchanged)
@modrinth/ui:fix: [90msrc/layouts/shared/content-tab/components/modals/ConfirmUnlinkModal.vue[39m 11ms (unchanged)
@modrinth/ui:fix: [90msrc/layouts/shared/content-tab/components/modals/content-updater-modal/index.vue[39m 83ms (unchanged)
@modrinth/ui:fix: [90msrc/layouts/shared/content-tab/components/modals/content-updater-modal/use-content-updater-filtering.ts[39m 5ms (unchanged)
@modrinth/ui:fix: [90msrc/layouts/shared/content-tab/components/modals/content-updater-modal/use-content-updater-selection.ts[39m 6ms (unchanged)
@modrinth/ui:fix: [90msrc/layouts/shared/content-tab/components/modals/ContentDependencyWarningModal.vue[39m 47ms (unchanged)
@modrinth/ui:fix: [90msrc/layouts/shared/content-tab/components/modals/ContentInstallModal.vue[39m 81ms (unchanged)
@modrinth/ui:fix: [90msrc/layouts/shared/content-tab/components/modals/ModpackContentModal.vue[39m 69ms (unchanged)
@modrinth/ui:fix: [90msrc/layouts/shared/content-tab/components/modals/SymlinkWarningAdmonition.vue[39m 5ms (unchanged)
@modrinth/ui:fix: [90msrc/layouts/shared/content-tab/composables/bulk-operations.ts[39m 6ms (unchanged)
@modrinth/ui:fix: [90msrc/layouts/shared/content-tab/composables/changing-items.ts[39m 2ms (unchanged)
@modrinth/ui:fix: [90msrc/layouts/shared/content-tab/composables/content-filter-state.test.ts[39m 5ms (unchanged)
@modrinth/ui:fix: [90msrc/layouts/shared/content-tab/composables/content-filter-state.ts[39m 7ms (unchanged)
@modrinth/ui:fix: [90msrc/layouts/shared/content-tab/composables/content-filtering.ts[39m 3ms (unchanged)
@modrinth/ui:fix: [90msrc/layouts/shared/content-tab/composables/content-pipeline.ts[39m 30ms (unchanged)
@modrinth/ui:fix: [90msrc/layouts/shared/content-tab/composables/content-selection.ts[39m 4ms (unchanged)
@modrinth/ui:fix: [90msrc/layouts/shared/content-tab/composables/content-sorting.test.ts[39m 4ms (unchanged)
@modrinth/ui:fix: [90msrc/layouts/shared/content-tab/composables/content-sorting.ts[39m 5ms (unchanged)
@modrinth/ui:fix: [90msrc/layouts/shared/content-tab/composables/content-view-state.test.ts[39m 6ms (unchanged)
@modrinth/ui:fix: [90msrc/layouts/shared/content-tab/composables/content-view-state.ts[39m 6ms (unchanged)
@modrinth/ui:fix: [90msrc/layouts/shared/content-tab/composables/group-selection.ts[39m 7ms (unchanged)
@modrinth/ui:fix: [90msrc/layouts/shared/content-tab/composables/index.ts[39m 1ms (unchanged)
@modrinth/ui:fix: [90msrc/layouts/shared/content-tab/composables/use-content-folder-groups.ts[39m 9ms (unchanged)
@modrinth/ui:fix: [90msrc/layouts/shared/content-tab/composables/use-content-metadata-filters.ts[39m 35ms (unchanged)
@modrinth/ui:fix: [90msrc/layouts/shared/content-tab/composables/use-horizontal-filter-scroll.ts[39m 7ms (unchanged)
@modrinth/ui:fix: [90msrc/layouts/shared/content-tab/index.ts[39m 3ms (unchanged)
@modrinth/ui:fix: [90msrc/layouts/shared/content-tab/layout.vue[39m 194ms (unchanged)
@modrinth/ui:fix: [90msrc/layouts/shared/content-tab/providers/content-manager.ts[39m 8ms (unchanged)
@modrinth/ui:fix: [90msrc/layouts/shared/content-tab/providers/index.ts[39m 1ms (unchanged)
@modrinth/ui:fix: [90msrc/layouts/shared/content-tab/types.ts[39m 10ms (unchanged)
@modrinth/ui:fix: [90msrc/layouts/shared/content-tab/utils/update-channels.ts[39m 11ms (unchanged)
@modrinth/ui:fix: [90msrc/layouts/shared/files-tab/components/editor/EditorFindReplace.vue[39m 42ms (unchanged)
@modrinth/ui:fix: [90msrc/layouts/shared/files-tab/components/editor/FileEditor.vue[39m 42ms (unchanged)
@modrinth/ui:fix: [90msrc/layouts/shared/files-tab/components/editor/FileImageViewer.vue[39m 24ms (unchanged)
@modrinth/ui:fix: [90msrc/layouts/shared/files-tab/components/FileContextMenu.vue[39m 26ms (unchanged)
@modrinth/ui:fix: [90msrc/layouts/shared/files-tab/components/FileManagerError.vue[39m 11ms (unchanged)
@modrinth/ui:fix: [90msrc/layouts/shared/files-tab/components/FileNavbar.vue[39m 59ms (unchanged)
@modrinth/ui:fix: [90msrc/layouts/shared/files-tab/components/FileTableHeader.vue[39m 23ms (unchanged)
@modrinth/ui:fix: [90msrc/layouts/shared/files-tab/components/FileTableRow.vue[39m 34ms (unchanged)
@modrinth/ui:fix: [90msrc/layouts/shared/files-tab/components/modals/file-validation-messages.ts[39m 2ms (unchanged)
@modrinth/ui:fix: [90msrc/layouts/shared/files-tab/components/modals/FileCreateItemModal.vue[39m 21ms (unchanged)
@modrinth/ui:fix: [90msrc/layouts/shared/files-tab/components/modals/FileDeleteItemModal.vue[39m 14ms (unchanged)
@modrinth/ui:fix: [90msrc/layouts/shared/files-tab/components/modals/FileMoveItemModal.vue[39m 14ms (unchanged)
@modrinth/ui:fix: [90msrc/layouts/shared/files-tab/components/modals/FileRenameItemModal.vue[39m 15ms (unchanged)
@modrinth/ui:fix: [90msrc/layouts/shared/files-tab/components/modals/FileUnsavedChangesModal.vue[39m 15ms (unchanged)
@modrinth/ui:fix: [90msrc/layouts/shared/files-tab/components/modals/FileUploadConflictModal.vue[39m 23ms (unchanged)
@modrinth/ui:fix: [90msrc/layouts/shared/files-tab/components/modals/FileUploadZipUrlModal.vue[39m 30ms (unchanged)
@modrinth/ui:fix: [90msrc/layouts/shared/files-tab/composables/file-drag-state.ts[39m 6ms (unchanged)
@modrinth/ui:fix: [90msrc/layouts/shared/files-tab/composables/file-search.ts[39m 2ms (unchanged)
@modrinth/ui:fix: [90msrc/layouts/shared/files-tab/composables/file-selection.ts[39m 3ms (unchanged)
@modrinth/ui:fix: [90msrc/layouts/shared/files-tab/composables/file-sorting.ts[39m 5ms (unchanged)
@modrinth/ui:fix: [90msrc/layouts/shared/files-tab/composables/file-undo-redo.ts[39m 6ms (unchanged)
@modrinth/ui:fix: [90msrc/layouts/shared/files-tab/composables/index.ts[39m 1ms (unchanged)
@modrinth/ui:fix: [90msrc/layouts/shared/files-tab/index.ts[39m 1ms (unchanged)
@modrinth/ui:fix: [90msrc/layouts/shared/files-tab/layout.vue[39m 96ms (unchanged)
@modrinth/ui:fix: [90msrc/layouts/shared/files-tab/providers/file-manager.ts[39m 5ms (unchanged)
@modrinth/ui:fix: [90msrc/layouts/shared/files-tab/providers/index.ts[39m 1ms (unchanged)
@modrinth/ui:fix: [90msrc/layouts/shared/files-tab/types.ts[39m 4ms (unchanged)
@modrinth/ui:fix: [90msrc/layouts/shared/files-tab/utils.ts[39m 2ms (unchanged)
@modrinth/ui:fix: [90msrc/layouts/shared/installation-settings/components/ContentDiffModal.vue[39m 35ms (unchanged)
@modrinth/ui:fix: [90msrc/layouts/shared/installation-settings/components/IncompatibleContentModal.vue[39m 25ms (unchanged)
@modrinth/ui:fix: [90msrc/layouts/shared/installation-settings/composables/index.ts[39m 1ms (unchanged)
@modrinth/ui:fix: [90msrc/layouts/shared/installation-settings/composables/use-installation-form.ts[39m 23ms (unchanged)
@modrinth/ui:fix: [90msrc/layouts/shared/installation-settings/index.ts[39m 1ms (unchanged)
@modrinth/ui:fix: [90msrc/layouts/shared/installation-settings/layout.vue[39m 164ms (unchanged)
@modrinth/ui:fix: [90msrc/layouts/shared/installation-settings/providers/index.ts[39m 1ms (unchanged)
@modrinth/ui:fix: [90msrc/layouts/shared/installation-settings/providers/installation-settings.ts[39m 5ms (unchanged)
@modrinth/ui:fix: [90msrc/layouts/shared/installation-settings/types.ts[39m 3ms (unchanged)
@modrinth/ui:fix: [90msrc/layouts/wrapped/index.ts[39m 1ms (unchanged)
@modrinth/ui:fix: [90msrc/locales.eager.ts[39m 3ms (unchanged)
@modrinth/ui:fix: [90msrc/locales.ts[39m 2ms (unchanged)
@modrinth/ui:fix: [90msrc/providers/api-client.ts[39m 1ms (unchanged)
@modrinth/ui:fix: [90msrc/providers/app-backup.ts[39m 2ms (unchanged)
@modrinth/ui:fix: [90msrc/providers/auth.ts[39m 2ms (unchanged)
@modrinth/ui:fix: [90msrc/providers/content-manager.ts[39m 1ms (unchanged)
@modrinth/ui:fix: [90msrc/providers/create-context.ts[39m 5ms (unchanged)
@modrinth/ui:fix: [90msrc/providers/file-drop.ts[39m 2ms (unchanged)
@modrinth/ui:fix: [90msrc/providers/file-picker.ts[39m 3ms (unchanged)
@modrinth/ui:fix: [90msrc/providers/i18n.ts[39m 3ms (unchanged)
@modrinth/ui:fix: [90msrc/providers/index.ts[39m 2ms (unchanged)
@modrinth/ui:fix: [90msrc/providers/instance-import.ts[39m 9ms (unchanged)
@modrinth/ui:fix: [90msrc/providers/loading-state.ts[39m 3ms (unchanged)
@modrinth/ui:fix: [90msrc/providers/modal-behavior.ts[39m 2ms (unchanged)
@modrinth/ui:fix: [90msrc/providers/page-context.ts[39m 3ms (unchanged)
@modrinth/ui:fix: [90msrc/providers/popup-notifications.ts[39m 9ms (unchanged)
@modrinth/ui:fix: [90msrc/providers/server-context.ts[39m 4ms (unchanged)
@modrinth/ui:fix: [90msrc/providers/tags.ts[39m 2ms (unchanged)
@modrinth/ui:fix: [90msrc/providers/web-notifications.ts[39m 10ms (unchanged)
@modrinth/ui:fix: [90msrc/styles/tailwind-utilities.css[39m 2ms (unchanged)
@modrinth/ui:fix: [90msrc/styles/tailwind.css[39m 1ms (unchanged)
@modrinth/ui:fix: [90msrc/types.d.ts[39m 4ms (unchanged)
@modrinth/ui:fix: [90msrc/utils/ace-mode-log.ts[39m 5ms (unchanged)
@modrinth/ui:fix: [90msrc/utils/ace-theme.ts[39m 2ms (unchanged)
@modrinth/ui:fix: [90msrc/utils/auto-icons.ts[39m 11ms (unchanged)
@modrinth/ui:fix: [90msrc/utils/billing.ts[39m 7ms (unchanged)
@modrinth/ui:fix: [90msrc/utils/common-messages.ts[39m 43ms (unchanged)
@modrinth/ui:fix: [90msrc/utils/events.ts[39m 2ms (unchanged)
@modrinth/ui:fix: [90msrc/utils/file-extensions.ts[39m 8ms (unchanged)
@modrinth/ui:fix: [90msrc/utils/file-tree.ts[39m 14ms (unchanged)
@modrinth/ui:fix: [90msrc/utils/game-modes.ts[39m 2ms (unchanged)
@modrinth/ui:fix: [90msrc/utils/index.ts[39m 1ms (unchanged)
@modrinth/ui:fix: [90msrc/utils/keybinding-catalog.ts[39m 7ms (unchanged)
@modrinth/ui:fix: [90msrc/utils/keybinding.test.ts[39m 13ms (unchanged)
@modrinth/ui:fix: [90msrc/utils/keybinding.ts[39m 14ms (unchanged)
@modrinth/ui:fix: [90msrc/utils/loaders.ts[39m 5ms (unchanged)
@modrinth/ui:fix: [90msrc/utils/log-share.ts[39m 5ms (unchanged)
@modrinth/ui:fix: [90msrc/utils/notices.ts[39m 4ms (unchanged)
@modrinth/ui:fix: [90msrc/utils/product-utils.ts[39m 4ms (unchanged)
@modrinth/ui:fix: [90msrc/utils/regions.ts[39m 3ms (unchanged)
@modrinth/ui:fix: [90msrc/utils/savable.ts[39m 4ms (unchanged)
@modrinth/ui:fix: [90msrc/utils/search.ts[39m 73ms (unchanged)
@modrinth/ui:fix: [90msrc/utils/server-content-installing.ts[39m 13ms (unchanged)
@modrinth/ui:fix: [90msrc/utils/server-search.ts[39m 39ms (unchanged)
@modrinth/ui:fix: [90msrc/utils/tag-messages.ts[39m 19ms (unchanged)
@modrinth/ui:fix: [90msrc/utils/truncate.ts[39m 3ms (unchanged)
@modrinth/ui:fix: [90msrc/utils/version-compatibility.ts[39m 4ms (unchanged)
@modrinth/ui:fix: [90msrc/utils/vue-children.ts[39m 2ms (unchanged)
@modrinth/ui:fix: [90msrc/utils/webgl/skin-rendering.ts[39m 26ms (unchanged)
@modrinth/ui:fix: [90msrc/utils/webgl/solid-skin-layer.ts[39m 20ms (unchanged)
@modrinth/ui:fix: [90msrc/vite-env.d.ts[39m 2ms (unchanged)
@modrinth/ui:fix: [90msrc/vue-shims.d.ts[39m 3ms (unchanged)
@modrinth/ui:fix: [90mtailwind.config.ts[39m 2ms (unchanged)
@modrinth/ui:fix: [90mtsconfig.json[39m 2ms (unchanged)
@modrinth/ui:fix: [90mvite.config.ts[39m 3ms (unchanged)

 Tasks:    9 successful, 9 total
Cached:    4 cached, 9 total
  Time:    49.445s 

